*****************************************************************
      SolidWorks Corporation - IGES Processor Status Report
*****************************************************************
=================================================================
General Information
=================================================================
Sending System Product I.D.  : C Extrusion.ipt
Receiving System Product I.D.: C Extrusion.ipt
File Name                    : No Iges File Name specified
Sending System               : AutoDesk Inventor R9
Preprocessor Version         : AutoDesk Inventor Iges Exporter R9
File Creation Date           : 20050221.083112
Model Creation Date          : 
Units                        : MM
Model Space Scale            : 1
Author                       : No Author specified
Organization                 : No Organization specified


=================================================================
Entity Processing Information
=================================================================


=================================================================
Precision analysis of IGES file:
=================================================================
  Most prevalent number of significant digits:               1
  Highest number of significant digits:                     14
  Average number of significant digits:                2.87026
  Maximum distance to origin:                           52.889
  Minimum distance to origin:                          45.4855
  Effective number of significant digits:              12.8766


=================================================================
Entity Summary
=================================================================
-----------------------------------------------------------------
Type Name                                         Count Converted
---- ----                                         ----- ---------
100  Arc                                             72        72
110  Line                                           468       468
116  Point                                           68        68
120  Surface of revolution                           18        18
123  Direction                                      136       136
124  Transformation matrix                           36        36
141  Boundary                                        88        88
143  Bounded surface                                 86        86
190  Plane surface entity                            68        68
314  Color definition                                 1         1
_________________________________________________________________


=================================================================
Result Summary
=================================================================
SolidWorks Feature Type                Count
-----------------------                -----
Solid feature(s)                       1
Surface feature(s)                     0
Curve/Sketch feature(s)                0
--------------------------------------------
Start time: Monday, February 18, 2013 21:46:47
Finish time: Monday, February 18, 2013 21:46:48
Processing time: 0 days, 00 hours, 00 mins, 01 secs
